
> my-app@0.0.0 build
> tsc -b && vite build

src/pages/doctor/Dashboard.tsx(31,9): error TS6133: 'pendingApprovalsCount' is declared but its value is never read.
src/services/apiClient.ts(15,1): error TS6133: 'Mocks' is declared but its value is never read.
